[Cloud] 启动中，先为自己生成静态密钥对并向 KGC 申请部分私钥。
[Cloud][HTTPS] 发送 HTTPS POST 请求到 KGC: https://localhost:8443/api/partial-key
[Cloud][HTTPS] 请求体: {"id":"cloud-001","publicKey":"044ae517908a939a98c5566a458a4f298670a3f9c2b2e74968dc901162306348930f2695706c06f6b8ad376222ccf3e836d36ef977d745018ed300a4eb67742d12"}
[Cloud][HTTPS] 收到 KGC 响应: 状态码=200, 响应体={"curve":"secp256r1","partialPrivate":"b8446740383586d5d21aa165005428b6455bdf45b3b6cf68be5d5bb74af88603","masterPublicKey":"0490a95a46218e91ea78122c57c7bcdc5483f872821c6a247d0c7ff8bd6fff07ee05f0c6a5f218823fb51bfbfb04f5eaffd30d5b9de96e5cae73307312ff2cd38e"}
[Cloud] 静态公钥 P_i = 044ae517908a939a98c5566a458a4f298670a3f9c2b2e74968dc901162306348930f2695706c06f6b8ad376222ccf3e836d36ef977d745018ed300a4eb67742d12
[Cloud] 完整公钥 PK_i = 0467988665be2ec88e0ee277d76702c2606e85752cfd974c80b736d8c7e7db976e5b4d40bd29815379246ddd4992d726538f08404fae4a985cc724b15273106274
[Cloud] TCP Socket 服务已启动: tcp://0.0.0.0:9000
[Cloud] 对外公布的静态公钥 = 044ae517908a939a98c5566a458a4f298670a3f9c2b2e74968dc901162306348930f2695706c06f6b8ad376222ccf3e836d36ef977d745018ed300a4eb67742d12
[Cloud] 收到新的充电桩连接: /127.0.0.1:49676
[Cloud][Socket] 向充电桩发送挑战随机数 nonce = cc1709e2f15d09abd8cb83a96d44662e
[Cloud][Socket] 发送报文: {nonce=cc1709e2f15d09abd8cb83a96d44662e, type=challenge}
[Cloud][Socket] 收到 HMAC 认证报文: {id=pile-001, mac=ebf70bda162724838736946d8c376a0b539a537953d2f886604feba9ff7a9c10, publicKey=0402aa03d40563b6f204d87096b8e249cc2f5b205730bca311a3a2b42e06a3d2be225f57b2fb872124866d4dffc9dc7430a79798520e39d466ef9a3eb7a8218a06, type=hmac}
[Cloud][Socket] HMAC 校验通过，允许继续申请部分私钥和密钥协商。
[Cloud][Socket] 发送报文: {id=cloud-001, type=auth_ok, publicKey=044ae517908a939a98c5566a458a4f298670a3f9c2b2e74968dc901162306348930f2695706c06f6b8ad376222ccf3e836d36ef977d745018ed300a4eb67742d12}
[Cloud][Socket] 收到充电桩部分私钥申请: {id=pile-001, publicKey=0402aa03d40563b6f204d87096b8e249cc2f5b205730bca311a3a2b42e06a3d2be225f57b2fb872124866d4dffc9dc7430a79798520e39d466ef9a3eb7a8218a06, type=partial_key_request}
[Cloud][HTTPS] 发送 HTTPS POST 请求到 KGC: https://localhost:8443/api/partial-key
[Cloud][HTTPS] 请求体: {"id":"pile-001","publicKey":"0402aa03d40563b6f204d87096b8e249cc2f5b205730bca311a3a2b42e06a3d2be225f57b2fb872124866d4dffc9dc7430a79798520e39d466ef9a3eb7a8218a06"}
[Cloud][HTTPS] 收到 KGC 响应: 状态码=200, 响应体={"curve":"secp256r1","partialPrivate":"fcda52fbff665fcd8b8db08cf33b5517a9b018b3fc40504b7448a2d557d0e774","masterPublicKey":"0490a95a46218e91ea78122c57c7bcdc5483f872821c6a247d0c7ff8bd6fff07ee05f0c6a5f218823fb51bfbfb04f5eaffd30d5b9de96e5cae73307312ff2cd38e"}
[Cloud][Socket] 已将 KGC 返回的部分私钥透传给充电桩。
[Cloud][Socket] 发送报文: {type=partial_key_response, curve=secp256r1, partialPrivate=fcda52fbff665fcd8b8db08cf33b5517a9b018b3fc40504b7448a2d557d0e774, masterPublicKey=0490a95a46218e91ea78122c57c7bcdc5483f872821c6a247d0c7ff8bd6fff07ee05f0c6a5f218823fb51bfbfb04f5eaffd30d5b9de96e5cae73307312ff2cd38e}
[Cloud][Socket] 收到密钥协商请求: {id=pile-001, publicKey=0402aa03d40563b6f204d87096b8e249cc2f5b205730bca311a3a2b42e06a3d2be225f57b2fb872124866d4dffc9dc7430a79798520e39d466ef9a3eb7a8218a06, ra=042e414dc2ad4f583677b7f4cc44f7d7e535f7610fdd1b9081b47eae6e78a44c8e4a18514055a08717282dbb70f32cd928a718cd083b4584d8a36e2e046facc504, sig=043763445da97027e1fbcb310736f3969d225fc98f541cf211b8f28c5744c12adff1cfed37e97422310baa5e85f8321de77f07b3758f94ec77fa3422e5c7582be61780bbfe55ffc4131e39b5d10bf36e07cccedf757a25a44a723befbac961b6b4, t=2026-04-28T07:24:31Z, type=ka_request}
[Cloud][Socket] 充电桩签名校验通过。
[Cloud][Socket] 返回 Cloud 侧签名的 ECDH 响应: rb=045c1c5414e7875b08d8fdac15f984579a6ce5c69808328536dcc6f0bba0cb365ee1641ccb5115feb52542b799dd29d20988019e552fe4777039933ef2fc0752b7
[Cloud][Socket] 发送报文: {type=ka_response, id=cloud-001, publicKey=044ae517908a939a98c5566a458a4f298670a3f9c2b2e74968dc901162306348930f2695706c06f6b8ad376222ccf3e836d36ef977d745018ed300a4eb67742d12, rb=045c1c5414e7875b08d8fdac15f984579a6ce5c69808328536dcc6f0bba0cb365ee1641ccb5115feb52542b799dd29d20988019e552fe4777039933ef2fc0752b7, t=2026-04-28T07:24:31.524620765Z, sig=04bf3ddd7a508ef7b0b89bb81333caa219390a5be27e464859d011645c1669770c55e3e99430e470386a6cb4ed6751f0a99bb5bf395c12c55e55e145ca0586defec81ac217c8a19cf416e7f52a9e8153345286b5ffc163e967c4769916e1459d11}
[Cloud] 与充电桩 pile-001 协商完成，会话密钥 = ae46c086a5ef7eac98bcda77ee51488ffd3221c9603d628518653ea35dda42d0
